Descargadas 1,000 de 210,000 reseñas.
Descargadas 2,000 de 210,000 reseñas.
Descargadas 3,000 de 210,000 reseñas.
Descargadas 4,000 de 210,000 reseñas.
Descargadas 5,000 de 210,000 reseñas.
Descargadas 6,000 de 210,000 reseñas.
Descargadas 7,000 de 210,000 reseñas.
Descargadas 8,000 de 210,000 reseñas.
Descargadas 9,000 de 210,000 reseñas.
Descargadas 10,000 de 210,000 reseñas.
Descargadas 11,000 de 210,000 reseñas.
Descargadas 12,000 de 210,000 reseñas.
Descargadas 13,000 de 210,000 reseñas.
Descargadas 14,000 de 210,000 reseñas.
Descargadas 15,000 de 210,000 reseñas.
Descargadas 16,000 de 210,000 reseñas.
Descargadas 17,000 de 210,000 reseñas.
Descargadas 18,000 de 210,000 reseñas.
Descargadas 19,000 de 210,000 reseñas.
Descargadas 20,000 de 210,000 reseñas.
Descargadas 21,000 de 210,000 reseñas.
Descargadas 22,000 de 210,000 reseñas.
Descargadas 23,000 de 210,000 reseñas.
Descargadas 24,000 de 210,000 reseñas.
Descargadas 25,000 de 210,000 reseñas.
Descargadas 26,000 de 210,000 reseñas.
Descargadas 27,000 de 210,000 reseñas.
Descargadas 28,000 de 210,000 reseñas.
Descargadas 29,000 de 210,000 reseñas.
Descargadas 30,000 de 210,000 reseñas.
Descargadas 31,000 de 210,000 reseñas.
Descargadas 32,000 de 210,000 reseñas.
Descargadas 33,000 de 210,000 reseñas.
Descargadas 34,000 de 210,000 reseñas.
Descargadas 35,000 de 210,000 reseñas.
Descargadas 36,000 de 210,000 reseñas.
Descargadas 37,000 de 210,000 reseñas.
Descargadas 38,000 de 210,000 reseñas.
Descargadas 39,000 de 210,000 reseñas.
Descargadas 40,000 de 210,000 reseñas.
Descargadas 41,000 de 210,000 reseñas.
Descargadas 42,000 de 210,000 reseñas.
Descargadas 43,000 de 210,000 reseñas.
Descargadas 44,000 de 210,000 reseñas.
Descargadas 45,000 de 210,000 reseñas.
Descargadas 46,000 de 210,000 reseñas.
Descargadas 47,000 de 210,000 reseñas.
Descargadas 48,000 de 210,000 reseñas.
Descargadas 49,000 de 210,000 reseñas.
Descargadas 50,000 de 210,000 reseñas.
Descargadas 51,000 de 210,000 reseñas.
Descargadas 52,000 de 210,000 reseñas.
Descargadas 53,000 de 210,000 reseñas.
Descargadas 54,000 de 210,000 reseñas.
Descargadas 55,000 de 210,000 reseñas.
Descargadas 56,000 de 210,000 reseñas.
Descargadas 57,000 de 210,000 reseñas.
Descargadas 58,000 de 210,000 reseñas.
Descargadas 59,000 de 210,000 reseñas.
Descargadas 60,000 de 210,000 reseñas.
Descargadas 61,000 de 210,000 reseñas.
Descargadas 62,000 de 210,000 reseñas.
Descargadas 63,000 de 210,000 reseñas.
Descargadas 64,000 de 210,000 reseñas.
Descargadas 65,000 de 210,000 reseñas.
Descargadas 66,000 de 210,000 reseñas.
Descargadas 67,000 de 210,000 reseñas.
Descargadas 68,000 de 210,000 reseñas.
Descargadas 69,000 de 210,000 reseñas.
Descargadas 70,000 de 210,000 reseñas.
Descargadas 71,000 de 210,000 reseñas.
Descargadas 72,000 de 210,000 reseñas.
Descargadas 73,000 de 210,000 reseñas.
Descargadas 74,000 de 210,000 reseñas.
Descargadas 75,000 de 210,000 reseñas.
Descargadas 76,000 de 210,000 reseñas.
Descargadas 77,000 de 210,000 reseñas.
Descargadas 78,000 de 210,000 reseñas.
Descargadas 79,000 de 210,000 reseñas.
Descargadas 80,000 de 210,000 reseñas.
Descargadas 81,000 de 210,000 reseñas.
Descargadas 82,000 de 210,000 reseñas.
Descargadas 83,000 de 210,000 reseñas.
Descargadas 84,000 de 210,000 reseñas.
Descargadas 85,000 de 210,000 reseñas.
Descargadas 86,000 de 210,000 reseñas.
Descargadas 87,000 de 210,000 reseñas.
Descargadas 88,000 de 210,000 reseñas.
Descargadas 89,000 de 210,000 reseñas.
Descargadas 90,000 de 210,000 reseñas.
Descargadas 91,000 de 210,000 reseñas.
Descargadas 92,000 de 210,000 reseñas.
Descargadas 93,000 de 210,000 reseñas.
Descargadas 94,000 de 210,000 reseñas.
Descargadas 95,000 de 210,000 reseñas.
Descargadas 96,000 de 210,000 reseñas.
Descargadas 97,000 de 210,000 reseñas.
Descargadas 98,000 de 210,000 reseñas.
Descargadas 99,000 de 210,000 reseñas.
Descargadas 100,000 de 210,000 reseñas.
Descargadas 101,000 de 210,000 reseñas.
Descargadas 102,000 de 210,000 reseñas.
Descargadas 103,000 de 210,000 reseñas.
Descargadas 104,000 de 210,000 reseñas.
Descargadas 105,000 de 210,000 reseñas.
Descargadas 106,000 de 210,000 reseñas.
Descargadas 107,000 de 210,000 reseñas.
Descargadas 108,000 de 210,000 reseñas.
Descargadas 109,000 de 210,000 reseñas.
Descargadas 110,000 de 210,000 reseñas.
Descargadas 111,000 de 210,000 reseñas.
Descargadas 112,000 de 210,000 reseñas.
Descargadas 113,000 de 210,000 reseñas.
Descargadas 114,000 de 210,000 reseñas.
Descargadas 115,000 de 210,000 reseñas.
Descargadas 116,000 de 210,000 reseñas.
Descargadas 117,000 de 210,000 reseñas.
Descargadas 118,000 de 210,000 reseñas.
Descargadas 119,000 de 210,000 reseñas.
Descargadas 120,000 de 210,000 reseñas.
Descargadas 121,000 de 210,000 reseñas.
Descargadas 122,000 de 210,000 reseñas.
Descargadas 123,000 de 210,000 reseñas.
Descargadas 124,000 de 210,000 reseñas.
Descargadas 125,000 de 210,000 reseñas.
Descargadas 126,000 de 210,000 reseñas.
Descargadas 127,000 de 210,000 reseñas.
Descargadas 128,000 de 210,000 reseñas.
Descargadas 129,000 de 210,000 reseñas.
Descargadas 130,000 de 210,000 reseñas.
Descargadas 131,000 de 210,000 reseñas.
Descargadas 132,000 de 210,000 reseñas.
Descargadas 133,000 de 210,000 reseñas.
Descargadas 134,000 de 210,000 reseñas.
Descargadas 135,000 de 210,000 reseñas.
Descargadas 136,000 de 210,000 reseñas.
Descargadas 137,000 de 210,000 reseñas.
Descargadas 138,000 de 210,000 reseñas.
Descargadas 139,000 de 210,000 reseñas.
Descargadas 140,000 de 210,000 reseñas.
Descargadas 141,000 de 210,000 reseñas.
Descargadas 142,000 de 210,000 reseñas.
Descargadas 143,000 de 210,000 reseñas.
Descargadas 144,000 de 210,000 reseñas.
Descargadas 145,000 de 210,000 reseñas.
Descargadas 146,000 de 210,000 reseñas.
Descargadas 147,000 de 210,000 reseñas.
Descargadas 148,000 de 210,000 reseñas.
Descargadas 149,000 de 210,000 reseñas.
Descargadas 150,000 de 210,000 reseñas.
Descargadas 151,000 de 210,000 reseñas.
Descargadas 152,000 de 210,000 reseñas.
Descargadas 153,000 de 210,000 reseñas.
Descargadas 154,000 de 210,000 reseñas.
Descargadas 155,000 de 210,000 reseñas.
Descargadas 156,000 de 210,000 reseñas.
Descargadas 157,000 de 210,000 reseñas.
Descargadas 158,000 de 210,000 reseñas.
Descargadas 159,000 de 210,000 reseñas.
Descargadas 160,000 de 210,000 reseñas.
Descargadas 161,000 de 210,000 reseñas.
Descargadas 162,000 de 210,000 reseñas.
Descargadas 163,000 de 210,000 reseñas.
Descargadas 164,000 de 210,000 reseñas.
Descargadas 165,000 de 210,000 reseñas.
Descargadas 166,000 de 210,000 reseñas.
Descargadas 167,000 de 210,000 reseñas.
Descargadas 168,000 de 210,000 reseñas.
Descargadas 169,000 de 210,000 reseñas.
Descargadas 170,000 de 210,000 reseñas.
Descargadas 171,000 de 210,000 reseñas.
Descargadas 172,000 de 210,000 reseñas.
Descargadas 173,000 de 210,000 reseñas.
Descargadas 174,000 de 210,000 reseñas.
Descargadas 175,000 de 210,000 reseñas.
Descargadas 176,000 de 210,000 reseñas.
Descargadas 177,000 de 210,000 reseñas.
Descargadas 178,000 de 210,000 reseñas.
Descargadas 179,000 de 210,000 reseñas.
Descargadas 180,000 de 210,000 reseñas.
Descargadas 181,000 de 210,000 reseñas.
Descargadas 182,000 de 210,000 reseñas.
Descargadas 183,000 de 210,000 reseñas.
Descargadas 184,000 de 210,000 reseñas.
Descargadas 185,000 de 210,000 reseñas.
Descargadas 186,000 de 210,000 reseñas.
Descargadas 187,000 de 210,000 reseñas.
Descargadas 188,000 de 210,000 reseñas.
Descargadas 189,000 de 210,000 reseñas.
Descargadas 190,000 de 210,000 reseñas.
Descargadas 191,000 de 210,000 reseñas.
Descargadas 192,000 de 210,000 reseñas.
Descargadas 193,000 de 210,000 reseñas.
Descargadas 194,000 de 210,000 reseñas.
Descargadas 195,000 de 210,000 reseñas.
Descargadas 196,000 de 210,000 reseñas.
Descargadas 197,000 de 210,000 reseñas.
Descargadas 198,000 de 210,000 reseñas.
Descargadas 199,000 de 210,000 reseñas.
Descargadas 200,000 de 210,000 reseñas.
Descargadas 201,000 de 210,000 reseñas.
Descargadas 202,000 de 210,000 reseñas.
Descargadas 203,000 de 210,000 reseñas.
Descargadas 204,000 de 210,000 reseñas.
Descargadas 205,000 de 210,000 reseñas.
Descargadas 206,000 de 210,000 reseñas.
Descargadas 207,000 de 210,000 reseñas.
Descargadas 208,000 de 210,000 reseñas.
Descargadas 209,000 de 210,000 reseñas.
Descargadas 210,000 de 210,000 reseñas.
CSV guardado en /workspace/scratch/eecc008ce05c/taller2-parte1/data/raw/dataset.csv (210,000 filas).
